arr-self ALIVE DEAD
arr-alias ALIVE DEAD
arr-struct ALIVE DEAD
arr-len DEAD ALIVE
arr-elem DEAD ALIVE
arr-empty ALIVE DEAD
arr-mixed ALIVE DEAD
arr-numeric ALIVE DEAD
arr-nested ALIVE DEAD
arr-nested-ne DEAD ALIVE
map-self ALIVE DEAD
map-order ALIVE DEAD
map-copy ALIVE DEAD
map-val DEAD ALIVE
map-key DEAD ALIVE
map-count DEAD ALIVE
map-empty ALIVE DEAD
map-nested ALIVE DEAD
rite-self ALIVE DEAD
rite-alias ALIVE DEAD
rite-other DEAD ALIVE
rite-in-arr ALIVE DEAD
syl-arr ALIVE DEAD
syl-arr-ne DEAD ALIVE
syl-map ALIVE DEAD
cyc-self ALIVE DEAD
cyc-pair DEAD ALIVE
cyc-plain DEAD ALIVE
cyc-map DEAD ALIVE
done
